[
  {
    "id" : "0572f310-20f0-4fa8-8fcf-d6252d16cea0",
    "prId" : 24645,
    "prUrl" : "https://github.com/tensorflow/tensorflow/pull/24645#pullrequestreview-193182631",
    "prSource" : "GitHub",
    "comments" : [
      {
        "id" : "163b293d-4229-489c-9093-eadbc0492851",
        "parentId" : null,
        "authorId" : "b4c739be-8aba-4687-9314-60b582f3b6d6",
        "body" : "Please re-run the update script and also include the `tensorflow/tools/api/golden/v`/tensorflow.data.experimental.pbtxt` file in your CL.",
        "createdAt" : "2019-01-14T21:04:01Z",
        "updatedAt" : "2019-01-16T15:40:13Z",
        "lastEditedBy" : "b4c739be-8aba-4687-9314-60b582f3b6d6",
        "tags" : [
        ]
      },
      {
        "id" : "0f15012a-39c4-4508-b8d5-806b0d6664db",
        "parentId" : "163b293d-4229-489c-9093-eadbc0492851",
        "authorId" : "5a3e363c-935f-43f9-8744-02b1d06593dd",
        "body" : "Do you mean `tensorflow/tools/api/golden/v1/tensorflow.data.experimental.pbtxt`? I think there's a typo. ",
        "createdAt" : "2019-01-16T14:14:31Z",
        "updatedAt" : "2019-01-16T15:40:13Z",
        "lastEditedBy" : "5a3e363c-935f-43f9-8744-02b1d06593dd",
        "tags" : [
        ]
      },
      {
        "id" : "feac451d-8638-4a0e-afdc-4d75b6f3a148",
        "parentId" : "163b293d-4229-489c-9093-eadbc0492851",
        "authorId" : "b4c739be-8aba-4687-9314-60b582f3b6d6",
        "body" : "yes",
        "createdAt" : "2019-01-16T15:07:47Z",
        "updatedAt" : "2019-01-16T15:40:13Z",
        "lastEditedBy" : "b4c739be-8aba-4687-9314-60b582f3b6d6",
        "tags" : [
        ]
      }
    ],
    "commit" : "ef15adf25bd1d73840ab3dab68b5ed13b2bedb96",
    "line" : 4,
    "diffHunk" : "@@ -1,1 +181,185 @@    argspec: \"args=[\\'buffer_size\\', \\'count\\', \\'seed\\'], varargs=None, keywords=None, defaults=[\\'None\\', \\'None\\'], \"\n  }\n  member_method {\n    name: \"take_while\"\n    argspec: \"args=[\\'predicate\\'], varargs=None, keywords=None, defaults=None\""
  }
]