[
  {
    "id" : "70c42031-af62-420a-97e8-902b3b9cbea7",
    "prId" : 21715,
    "prUrl" : "https://github.com/tensorflow/tensorflow/pull/21715#pullrequestreview-153154320",
    "prSource" : "GitHub",
    "comments" : [
      {
        "id" : "e2a5d63e-c59e-4206-b909-8bb0279532f9",
        "parentId" : null,
        "authorId" : "cc3a9462-2410-463b-a9e3-7b2b39d1f5bd",
        "body" : "`input`",
        "createdAt" : "2018-09-06T23:08:07Z",
        "updatedAt" : "2018-09-15T03:47:37Z",
        "lastEditedBy" : "cc3a9462-2410-463b-a9e3-7b2b39d1f5bd",
        "tags" : [
        ]
      }
    ],
    "commit" : "33f57bd1311df97a25cd70784dfaafc8e44d07c4",
    "line" : 2,
    "diffHunk" : "@@ -1,1 +1059,1063 @@  member_method {\n    name: \"extract_image_patches\"\n    argspec: \"args=[\\'images\\', \\'ksizes\\', \\'strides\\', \\'rates\\', \\'padding\\', \\'name\\'], varargs=None, keywords=None, defaults=[\\'None\\'], \"\n  }\n  member_method {"
  }
]